#0 building with "default" instance using docker driver

#1 [internal] load build definition from admin.Dockerfile
#1 transferring dockerfile: 1.47kB done
#1 DONE 0.0s

#2 [internal] load metadata for docker.io/library/node:20-alpine
#2 DONE 1.0s

#3 [internal] load .dockerignore
#3 transferring context: 533B done
#3 DONE 0.0s

#4 [builder  1/10] FROM docker.io/library/node:20-alpine@sha256:09e2b3d9726018aecf269bd35325f46bf75046a643a66d28360ec71132750ec8
#4 DONE 0.0s

#5 [internal] load build context
#5 transferring context: 4.75MB 5.0s
#5 transferring context: 11.00MB 10.2s
#5 transferring context: 11.00MB 10.2s done
#5 DONE 10.4s

#6 [builder  5/10] COPY package.json pnpm-workspace.yaml pnpm-lock.yaml ./
#6 CACHED

#7 [builder  8/10] WORKDIR /app/apps/prettyfull-medusa
#7 CACHED

#8 [builder  3/10] RUN npm install -g pnpm@10.21.0
#8 CACHED

#9 [builder  6/10] COPY apps/prettyfull-medusa ./apps/prettyfull-medusa
#9 CACHED

#10 [builder  7/10] RUN NODE_OPTIONS="--max-old-space-size=4096" pnpm install --frozen-lockfile
#10 CACHED

#11 [builder  2/10] RUN apk add --no-cache libc6-compat python3 make g++
#11 CACHED

#12 [builder  4/10] WORKDIR /app
#12 CACHED

#13 [builder  9/10] RUN NODE_OPTIONS="--max-old-space-size=4096" pnpm run build
#13 CACHED

#14 [builder 10/10] RUN test -f .medusa/server/public/admin/index.html
#14 CACHED

#15 [runner 2/8] RUN apk add --no-cache libc6-compat curl
#15 CACHED

#16 [runner 5/8] RUN addgroup --system --gid 1001 nodejs     && adduser --system --uid 1001 medusa
#16 CACHED

#17 [runner 4/8] WORKDIR /app
#17 CACHED

#18 [runner 3/8] RUN npm install -g pnpm@10.21.0
#18 CACHED

#19 [runner 6/8] COPY --from=builder --chown=medusa:nodejs /app/apps/prettyfull-medusa/.medusa/server ./
#19 CACHED

#20 [runner 7/8] RUN NODE_OPTIONS="--max-old-space-size=4096" pnpm install --prod --frozen-lockfile
#20 1.646  ERR_PNPM_NO_LOCKFILE  Cannot install with "frozen-lockfile" because pnpm-lock.yaml is absent
#20 1.646 
#20 1.646 Note that in CI environments this setting is true by default. If you still need to run install in such cases, use "pnpm install --no-frozen-lockfile"
#20 ERROR: process "/bin/sh -c NODE_OPTIONS=\"--max-old-space-size=4096\" pnpm install --prod --frozen-lockfile" did not complete successfully: exit code: 1
------
 > [runner 7/8] RUN NODE_OPTIONS="--max-old-space-size=4096" pnpm install --prod --frozen-lockfile:
1.646  ERR_PNPM_NO_LOCKFILE  Cannot install with "frozen-lockfile" because pnpm-lock.yaml is absent
1.646 
1.646 Note that in CI environments this setting is true by default. If you still need to run install in such cases, use "pnpm install --no-frozen-lockfile"
------

 [33m2 warnings found (use docker --debug to expand):
[0m - SecretsUsedInArgOrEnv: Do not use ARG or ENV instructions for sensitive data (ENV "JWT_SECRET") (line 14)
 - SecretsUsedInArgOrEnv: Do not use ARG or ENV instructions for sensitive data (ENV "COOKIE_SECRET") (line 15)
admin.Dockerfile:36
--------------------
  34 |     ENV CI=true
  35 |     COPY --from=builder --chown=medusa:nodejs /app/apps/prettyfull-medusa/.medusa/server ./
  36 | >>> RUN NODE_OPTIONS="--max-old-space-size=4096" pnpm install --prod --frozen-lockfile
  37 |     RUN chown -R medusa:nodejs /app
  38 |     
--------------------
ERROR: failed to build: failed to solve: process "/bin/sh -c NODE_OPTIONS=\"--max-old-space-size=4096\" pnpm install --prod --frozen-lockfile" did not complete successfully: exit code: 1
